  Generate moc_predefs.h
   Qt/MSBuild: 3.4.1.0
   Qt: 6.8.3
  booleancommand.cpp
  booloperationdialog.cpp
  chamferdialog.cpp
  coneparamsdialog.cpp
  creategeometrycommand.cpp
  cuboidparamsdialog.cpp
  cylinderdialog.cpp
  datum_plane.cpp
  deletemodelcommand.cpp
  expressiondialog.cpp
  extrusioncommand.cpp
  extrusiondialog.cpp
  filletdialog.cpp
  historylistitem.cpp
  main.cpp
  occvtkconverter.cpp
  revolvedialog.cpp
  sketch.cpp
  sketchcreatedialog.cpp
  sketchtoolinputdialog.cpp
  sphereparamsdialog.cpp
  sweepoperation.cpp
  sweeppath.cpp
  vectordialog.cpp
  widget.cpp
  widget_extrusion_face.cpp
D:\ProgramFiles\Practice_Modeling_47\historylistitem.cpp(82,46): warning C4100: “time”: 未引用的形参
D:\ProgramFiles\Practice_Modeling_47\historylistitem.cpp(81,67): warning C4100: “type”: 未引用的形参
D:\ProgramFiles\Practice_Modeling_47\historylistitem.cpp(98,46): warning C4100: “type”: 未引用的形参
D:\ProgramFiles\Practice_Modeling_47\historylistitem.cpp(103,46): warning C4100: “time”: 未引用的形参
D:\ProgramFiles\Practice_Modeling_47\sweeppath.cpp(30,47): warning C4100: “t”: 未引用的形参
D:\ProgramFiles\Practice_Modeling_47\sweeppath.cpp(103,50): warning C4100: “t”: 未引用的形参
D:\ProgramFiles\Practice_Modeling_47\sweeppath.cpp(110,48): warning C4100: “t”: 未引用的形参
D:\ProgramFiles\Practice_Modeling_47\sweeppath.cpp(140,44): warning C4100: “t”: 未引用的形参
D:\ProgramFiles\Practice_Modeling_47\sweepoperation.cpp(102,70): warning C4100: “profile”: 未引用的形参
D:\ProgramFiles\Practice_Modeling_47\sweepoperation.cpp(117,96): warning C4100: “path”: 未引用的形参
D:\ProgramFiles\Practice_Modeling_47\sweepoperation.cpp(117,70): warning C4100: “profile”: 未引用的形参
D:\ProgramFiles\Practice_Modeling_47\extrusioncommand.cpp(544,54): warning C4100: “isSecond”: 未引用的形参
D:\ProgramFiles\Practice_Modeling_47\widget.cpp(5643,66): warning C4100: “result”: 未引用的形参
D:\ProgramFiles\Practice_Modeling_47\widget.cpp(9910,41): warning C4100: “customVectorDir”: 未引用的形参
D:\ProgramFiles\Practice_Modeling_47\widget.cpp(9909,32): warning C4100: “hasCustomVectorDir”: 未引用的形参
D:\ProgramFiles\Practice_Modeling_47\widget.cpp(10607,61): warning C4100: “area”: 未引用的形参
D:\ProgramFiles\Practice_Modeling_47\widget.cpp(12294,66): warning C4100: “column”: 未引用的形参
D:\ProgramFiles\Practice_Modeling_47\widget.cpp(12334,72): warning C4100: “column”: 未引用的形参
  qrc_resources.cpp
  moc_booloperationdialog.cpp
  moc_chamferdialog.cpp
  moc_coneparamsdialog.cpp
  moc_cuboidparamsdialog.cpp
  moc_cylinderdialog.cpp
  moc_datum_plane.cpp
  moc_expressiondialog.cpp
  moc_extrusiondialog.cpp
  moc_filletdialog.cpp
  moc_historylistitem.cpp
  moc_revolvedialog.cpp
  moc_sketchcreatedialog.cpp
  moc_sketchtoolinputdialog.cpp
  moc_sphereparamsdialog.cpp
  moc_vectordialog.cpp
  moc_widget.cpp
    正在创建库 debug\\Practice_Modeling.lib 和对象 debug\\Practice_Modeling.exp
  Practice_Modeling.vcxproj -> D:\ProgramFiles\Practice_Modeling_47\debug\Practice_Modeling.exe
